// Jest Snapshot v1, https://goo.gl/fbAQLP

exports[`configure() config object baseFontSize adjusts values based on 'basefontSize' for height 1`] = `(max-height: 39.999em)`;

exports[`configure() config object baseFontSize adjusts values based on 'basefontSize' for width 1`] = `(max-width: 39.999em)`;
