// Jest Snapshot v1, https://goo.gl/fbAQLP

exports[`colorGamut() linear feature returns the supplied color-gamut for 'p3' 1`] = `(color-gamut: p3)`;

exports[`colorGamut() linear feature returns the supplied color-gamut for 'rec2020' 1`] = `(color-gamut: rec2020)`;

exports[`colorGamut() linear feature returns the supplied color-gamut for 'srgb' 1`] = `(color-gamut: srgb)`;

exports[`colorGamut() linear feature throws if argument is not valid value 1`] = `'color-gamut'must be one of: 'srgb,p3,rec2020' but was: 'xxxx'.`;

exports[`colorGamut() linear feature throws if no argument is supplied 1`] = `'color-gamut'must be one of: 'srgb,p3,rec2020' but was: 'undefined'.`;

exports[`displayMode() linear feature returns the supplied display-mode for 'browser' 1`] = `(display-mode: browser)`;

exports[`displayMode() linear feature returns the supplied display-mode for 'fullscreen' 1`] = `(display-mode: fullscreen)`;

exports[`displayMode() linear feature returns the supplied display-mode for 'minimal-ui' 1`] = `(display-mode: minimal-ui)`;

exports[`displayMode() linear feature returns the supplied display-mode for 'standalone' 1`] = `(display-mode: standalone)`;

exports[`displayMode() linear feature throws if argument is not valid value 1`] = `'display-mode'must be one of: 'fullscreen,standalone,minimal-ui,browser' but was: 'xxxx'.`;

exports[`displayMode() linear feature throws if no argument is supplied 1`] = `'display-mode'must be one of: 'fullscreen,standalone,minimal-ui,browser' but was: 'undefined'.`;

exports[`grid() linear feature returns a valueless grid 1`] = `(grid)`;

exports[`grid() linear feature returns the supplied grid for '0' 1`] = `(grid: 0)`;

exports[`grid() linear feature returns the supplied grid for '1' 1`] = `(grid: 1)`;

exports[`grid() linear feature throws if argument is not valid value 1`] = `'grid'must be one of: '0,1' but was: 'xxxx'.`;

exports[`orientation() linear feature returns the supplied orientation for 'landscape' 1`] = `(orientation: landscape)`;

exports[`orientation() linear feature returns the supplied orientation for 'portrait' 1`] = `(orientation: portrait)`;

exports[`orientation() linear feature throws if argument is not valid value 1`] = `'orientation'must be one of: 'portrait,landscape' but was: 'xxxx'.`;

exports[`orientation() linear feature throws if no argument is supplied 1`] = `'orientation'must be one of: 'portrait,landscape' but was: 'undefined'.`;

exports[`overflowBlock() linear feature returns the supplied overflow-block for 'none' 1`] = `(overflow-block: none)`;

exports[`overflowBlock() linear feature returns the supplied overflow-block for 'optional-paged' 1`] = `(overflow-block: optional-paged)`;

exports[`overflowBlock() linear feature returns the supplied overflow-block for 'scroll' 1`] = `(overflow-block: scroll)`;

exports[`overflowBlock() linear feature throws if argument is not valid value 1`] = `'overflow-block'must be one of: 'none,scroll,optional-paged' but was: 'xxxx'.`;

exports[`overflowBlock() linear feature throws if no argument is supplied 1`] = `'overflow-block'must be one of: 'none,scroll,optional-paged' but was: 'undefined'.`;

exports[`overflowInline() linear feature returns the supplied overflow-inline for 'none' 1`] = `(overflow-inline: none)`;

exports[`overflowInline() linear feature returns the supplied overflow-inline for 'scroll' 1`] = `(overflow-inline: scroll)`;

exports[`overflowInline() linear feature throws if argument is not valid value 1`] = `'overflow-inline'must be one of: 'none,scroll' but was: 'xxxx'.`;

exports[`overflowInline() linear feature throws if no argument is supplied 1`] = `'overflow-inline'must be one of: 'none,scroll' but was: 'undefined'.`;

exports[`scan() linear feature returns the supplied scan for 'interlace' 1`] = `(scan: interlace)`;

exports[`scan() linear feature returns the supplied scan for 'progressive' 1`] = `(scan: progressive)`;

exports[`scan() linear feature throws if argument is not valid value 1`] = `'scan'must be one of: 'interlace,progressive' but was: 'xxxx'.`;

exports[`scan() linear feature throws if no argument is supplied 1`] = `'scan'must be one of: 'interlace,progressive' but was: 'undefined'.`;

exports[`update() linear feature returns a valueless update 1`] = `(update)`;

exports[`update() linear feature returns the supplied update for 'fast' 1`] = `(update: fast)`;

exports[`update() linear feature returns the supplied update for 'none' 1`] = `(update: none)`;

exports[`update() linear feature returns the supplied update for 'slow' 1`] = `(update: slow)`;

exports[`update() linear feature throws if argument is not valid value 1`] = `'update'must be one of: 'none,slow,fast' but was: 'xxxx'.`;
