// Jest Snapshot v1, https://goo.gl/fbAQLP

exports[`mediaTypes returns default media type if called with an empty array 1`] = `screen`;

exports[`mediaTypes returns default media type if called with no arguments 1`] = `screen`;

exports[`mediaTypes returns the correct default media type if called with no arguments 1`] = `screen`;

exports[`mediaTypes returns the supplied mediaTypes for 'all' 1`] = `all`;

exports[`mediaTypes returns the supplied mediaTypes for 'print' 1`] = `print`;

exports[`mediaTypes returns the supplied mediaTypes for 'screen' 1`] = `screen`;

exports[`mediaTypes returns the supplied mediaTypes for 'speech' 1`] = `speech`;

exports[`mediaTypes supports multiple values 1`] = `screen, speech`;

exports[`mediaTypes throws if argument is '' 1`] = `'mediaType'must be one of 'all, print, screen, speech' but you supplied: ''.`;

exports[`mediaTypes throws if argument is '' 2`] = `'mediaType'must be one of 'all, print, screen, speech' but you supplied: ''.`;

exports[`mediaTypes throws if argument is '[object Object]' 1`] = `'mediaType'must be one of 'all, print, screen, speech' but you supplied: '[object Object]'.`;

exports[`mediaTypes throws if argument is '444' 1`] = `'mediaType'must be one of 'all, print, screen, speech' but you supplied: '444'.`;

exports[`mediaTypes throws if argument is 'false' 1`] = `'mediaType'must be one of 'all, print, screen, speech' but you supplied: 'false'.`;

exports[`mediaTypes throws if argument is 'true' 1`] = `'mediaType'must be one of 'all, print, screen, speech' but you supplied: 'true'.`;

exports[`mediaTypes throws if argument is 'xxxx' 1`] = `'mediaType'must be one of 'all, print, screen, speech' but you supplied: 'xxxx'.`;
